Microchip MPLAB XC8 Compiler V2.41

Linker command line:

-W-3 \
  --edf=C:\Program Files\Microchip\xc8\v2.41\pic\dat\20230208172133_en.msgs \
  -cn -h+dist/default/production\Proyecto_Sensores.X.production.sym \
  --cmf=dist/default/production\Proyecto_Sensores.X.production.cmf -z \
  -Q18F4550 -oC:\Users\dsone\AppData\Local\Temp\xcBs1k4.1\driver_tmp_3.obj \
  -Mdist/default/production/Proyecto_Sensores.X.production.map \
  --md=C:\Users\dsone\AppData\Local\Temp\xcBs1k4.1\driver_tmp_0.dat -E1 \
  -ver=XC8 Compiler -ACODE=00h-07FFFh -ACONST=00h-07FFFh \
  -ASMALLCONST=0800h-08FFhx120 -AMEDIUMCONST=0800h-07FFFh -ACOMRAM=01h-05Fh \
  -AABS1=00h-07FFh -ABIGRAM=01h-07FFh -ARAM=060h-0FFh,0100h-01FFhx7 \
  -ABANK0=060h-0FFh -ABANK1=0100h-01FFh -ABANK2=0200h-02FFh \
  -ABANK3=0300h-03FFh -ABANK4=0400h-04FFh -ABANK5=0500h-05FFh \
  -ABANK6=0600h-06FFh -ABANK7=0700h-07FFh -ASFR=0F60h-0FFFh \
  -ABIGSFR=0F60h-0FFFh -ACONFIG=0300000h-030000Dh -AIDLOC=0200000h-0200007h \
  -AEEDATA=0F00000h-0F000FFh -peeprom_data=EEDATA \
  -preset_vec=00h,intcode=08h,intcodelo,powerup,init -pramtop=0800h \
  -psmallconst=SMALLCONST -pmediumconst=MEDIUMCONST -pconst=CONST \
  -AFARRAM=00h-00h \
  -prdata=COMRAM,nvrram=COMRAM,nvbit=COMRAM,rbss=COMRAM,rbit=COMRAM \
  -pfarbss=FARRAM,fardata=FARRAM,nvFARRAM=FARRAM \
  -pintsave_regs=BIGRAM,bigbss=BIGRAM,bigdata=BIGRAM -pbss=RAM \
  -pidata=CODE,irdata=CODE,ibigdata=CODE,ifardata=CODE -prparam=COMRAM \
  C:\Users\dsone\AppData\Local\Temp\xcBs1k4.1\driver_tmp_9.obj \
  dist/default/production\Proyecto_Sensores.X.production.obj 

Object code version is 3.11

Machine type is 18F4550



                Name                               Link     Load   Length Selector   Space Scale
C:\Users\dsone\AppData\Local\Temp\xcBs1k4.1\driver_tmp_9.obj
                idloc                            200000   200000        8        0       5
                config                           300000   300000        E        0       4
                init                                  E        E        4        4       0
                reset_vec                             0        0        4        0       0
dist/default/production\Proyecto_Sensores.X.production.obj
                intcode                               8        8        6        4       0
                idloc                            200000   200000        8        0       5
                config                           300000   300000        E        0       4
                temp                                 12       12        1        1       1
                intcode_body                        290      290       58        4       0
                text4                               3CC      3CC        C        4       0
                text3                               33A      33A       3A        4       0
                text2                               3A2      3A2       2A        4       0
                text1                               2E8      2E8       52        4       0
                text0                                12       12      27E        4       0
                cstackCOMRAM                          1        1        B        1       1
                dataCOMRAM                            C        C        4        1       1
                bssCOMRAM                            10       10        2        1       1
                cinit                               374      374       2E        4       0
                idataCOMRAM                         3D8      3D8        4        4       0

TOTAL           Name                               Link     Load   Length     Space
        CLASS   CODE           
                intcode                               8        8        6         0
                init                                  E        E        4         0
                reset_vec                             0        0        4         0
                intcode_body                        290      290       58         0
                text4                               3CC      3CC        C         0
                text3                               33A      33A       3A         0
                text2                               3A2      3A2       2A         0
                text1                               2E8      2E8       52         0
                text0                                12       12      27E         0
                cinit                               374      374       2E         0
                idataCOMRAM                         3D8      3D8        4         0

        CLASS   CONST          

        CLASS   SMALLCONST     

        CLASS   MEDIUMCONST    

        CLASS   COMRAM         
                temp                                 12       12        1         1
                cstackCOMRAM                          1        1        B         1
                dataCOMRAM                            C        C        4         1
                bssCOMRAM                            10       10        2         1

        CLASS   ABS1           

        CLASS   BIGRAM         

        CLASS   RAM            

        CLASS   BANK0          

        CLASS   BANK1          

        CLASS   BANK2          

        CLASS   BANK3          

        CLASS   BANK4          

        CLASS   BANK5          

        CLASS   BANK6          

        CLASS   BANK7          

        CLASS   SFR            

        CLASS   BIGSFR         

        CLASS   CONFIG         
                config                           300000   300000        E         4

        CLASS   IDLOC          
                idloc                            200000   200000        8         5

        CLASS   EEDATA         

        CLASS   FARRAM         

        CLASS   HEAP           

        CLASS   STACK          



SEGMENTS        Name                           Load    Length   Top    Selector   Space  Class

                reset_vec                      000000  000004  000004         0       0  CODE    
                cstackCOMRAM                   000001  000012  000013         1       1  COMRAM  
                intcode                        000008  0003D4  0003DC         4       0  CODE    


UNUSED ADDRESS RANGES

        Name                Unused          Largest block    Delta
        BANK0            000060-0000FF               A0
        BANK1            000100-0001FF              100
        BANK2            000200-0002FF              100
        BANK3            000300-0003FF              100
        BANK4            000400-0004FF              100
        BANK5            000500-0005FF              100
        BANK6            000600-0006FF              100
        BANK7            000700-0007FF              100
        BIGRAM           000013-0007FF              7ED
        BIGSFR           000F60-000FFF               A0
        CODE             000004-000007                4
                         0003DC-007FFF             7C24
        COMRAM           000013-00005F               4D
        CONST            000004-000007                4
                         0003DC-007FFF             7C24
        EEDATA           F00000-F000FF              100
        MEDIUMCONST      000800-007FFF             7800
        RAM              000060-0007FF              100
        SFR              000F60-000FFF               A0
        SMALLCONST       000800-007FFF              100

                                  Symbol Table

?___lwdiv                cstackCOMRAM 000001
Transmitir@BufferT       cstackCOMRAM 000001
_ADCON1                  (abs)        000FC1
_BAUDCON                 (abs)        000FB8
_CCP1CON                 (abs)        000FBD
_CCP1IF                  (abs)        007CF2
_CCP2CON                 (abs)        000FBA
_CCPR1                   (abs)        000FBE
_CCPR2                   (abs)        000FBB
_GIE                     (abs)        007F97
_ISR                     intcode      000008
_LATB                    (abs)        000F8A
_LATD                    (abs)        000F8C
_LATD0                   (abs)        007C60
_LATD1                   (abs)        007C61
_LATD2                   (abs)        007C62
_LATD3                   (abs)        007C63
_OSCCON                  (abs)        000FD3
_PEIE                    (abs)        007F96
_PORTB                   (abs)        000F81
_RA0                     (abs)        007C00
_RA1                     (abs)        007C01
_RA2                     (abs)        007C02
_RA3                     (abs)        007C03
_RBIE                    (abs)        007F93
_RBIF                    (abs)        007F90
_RBPU                    (abs)        007F8F
_RC2                     (abs)        007C12
_RCSTA                   (abs)        000FAB
_SPBRG                   (abs)        000FAF
_T1CON                   (abs)        000FCD
_T3CON                   (abs)        000FB1
_TMR1                    (abs)        000FCE
_TMR1ON                  (abs)        007E68
_TMR3                    (abs)        000FB2
_TMR3IE                  (abs)        007D01
_TMR3IF                  (abs)        007D09
_TMR3ON                  (abs)        007D88
_TRISA0                  (abs)        007C90
_TRISA1                  (abs)        007C91
_TRISA2                  (abs)        007C92
_TRISA3                  (abs)        007C93
_TRISB                   (abs)        000F93
_TRISC1                  (abs)        007CA1
_TRISD                   (abs)        000F95
_TRMT                    (abs)        007D61
_TXREG                   (abs)        000FAD
_TXSTA                   (abs)        000FAC
_Transmitir              text4        0003CC
__HRAM                   (abs)        000000
__H__absolute__          __absolute__ 000000
__Habs1                  abs1         000000
__Hbank0                 bank0        000000
__Hbank1                 bank1        000000
__Hbank2                 bank2        000000
__Hbank3                 bank3        000000
__Hbank4                 bank4        000000
__Hbank5                 bank5        000000
__Hbank6                 bank6        000000
__Hbank7                 bank7        000000
__Hbigbss                bigbss       000000
__Hbigdata               bigdata      000000
__Hbigram                bigram       000000
__Hbigsfr                bigsfr       000000
__Hbss                   bss          000000
__HbssCOMRAM             bssCOMRAM    000000
__Hcinit                 cinit        000000
__Hclrtext               clrtext      000000
__Hcomram                comram       000000
__Hconfig                config       30000E
__Hconst                 const        000000
__HcstackCOMRAM          cstackCOMRAM 000000
__Hdata                  data         000000
__HdataCOMRAM            dataCOMRAM   000000
__Heeprom_data           eeprom_data  000000
__Hfarbss                farbss       000000
__Hfardata               fardata      000000
__Hheap                  heap         000000
__Hibigdata              ibigdata     000000
__Hidata                 idata        000000
__HidataCOMRAM           idataCOMRAM  000000
__Hidloc                 idloc        200008
__Hifardata              ifardata     000000
__Hinit                  init         000012
__Hintcode               intcode      00000E
__Hintcode_body          intcode_body 000000
__Hintcodelo             intcodelo    00000E
__Hintentry              intentry     000000
__Hintret                intret       000000
__Hintsave_regs          intsave_regs 000000
__Hirdata                irdata       000000
__Hmediumconst           mediumconst  000000
__HnvFARRAM              nvFARRAM     000000
__Hnvbit                 nvbit        000000
__Hnvrram                nvrram       000000
__Hparam                 rparam       000000
__Hpowerup               powerup      00000E
__Hram                   ram          000000
__Hramtop                ramtop       000800
__Hrbit                  rbit         000000
__Hrbss                  rbss         000000
__Hrdata                 rdata        000000
__Hreset_vec             reset_vec    000004
__Hrparam                rparam       000000
__Hsfr                   sfr          000000
__Hsmallconst            smallconst   000000
__Hspace_0               (abs)        000800
__Hspace_1               (abs)        000013
__Hspace_2               (abs)        000000
__Hspace_4               (abs)        60000E
__Hstack                 stack        000000
__Hstruct                struct       000000
__Htemp                  temp         000013
__Htext                  text         000000
__Htext0                 text0        000000
__Htext1                 text1        000000
__Htext2                 text2        000000
__Htext3                 text3        000000
__Htext4                 text4        000000
__LRAM                   (abs)        000001
__L__absolute__          __absolute__ 000000
__Labs1                  abs1         000000
__Lbank0                 bank0        000000
__Lbank1                 bank1        000000
__Lbank2                 bank2        000000
__Lbank3                 bank3        000000
__Lbank4                 bank4        000000
__Lbank5                 bank5        000000
__Lbank6                 bank6        000000
__Lbank7                 bank7        000000
__Lbigbss                bigbss       000000
__Lbigdata               bigdata      000000
__Lbigram                bigram       000000
__Lbigsfr                bigsfr       000000
__Lbss                   bss          000000
__LbssCOMRAM             bssCOMRAM    000000
__Lcinit                 cinit        000000
__Lclrtext               clrtext      000000
__Lcomram                comram       000000
__Lconfig                config       000000
__Lconst                 const        000000
__LcstackCOMRAM          cstackCOMRAM 000000
__Ldata                  data         000000
__LdataCOMRAM            dataCOMRAM   000000
__Leeprom_data           eeprom_data  000000
__Lfarbss                farbss       000000
__Lfardata               fardata      000000
__Lheap                  heap         000000
__Libigdata              ibigdata     000000
__Lidata                 idata        000000
__LidataCOMRAM           idataCOMRAM  000000
__Lidloc                 idloc        000000
__Lifardata              ifardata     000000
__Linit                  init         00000E
__Lintcode               intcode      000008
__Lintcode_body          intcode_body 000000
__Lintcodelo             intcodelo    00000E
__Lintentry              intentry     000000
__Lintret                intret       000000
__Lintsave_regs          intsave_regs 000000
__Lirdata                irdata       000000
__Lmediumconst           mediumconst  000000
__LnvFARRAM              nvFARRAM     000000
__Lnvbit                 nvbit        000000
__Lnvrram                nvrram       000000
__Lparam                 rparam       000000
__Lpowerup               powerup      00000E
__Lram                   ram          000000
__Lramtop                ramtop       000800
__Lrbit                  rbit         000000
__Lrbss                  rbss         000000
__Lrdata                 rdata        000000
__Lreset_vec             reset_vec    000000
__Lrparam                rparam       000000
__Lsfr                   sfr          000000
__Lsmallconst            smallconst   000000
__Lspace_0               (abs)        000000
__Lspace_1               (abs)        000000
__Lspace_2               (abs)        000000
__Lspace_4               (abs)        000000
__Lstack                 stack        000000
__Lstruct                struct       000000
__Ltemp                  temp         000012
__Ltext                  text         000000
__Ltext0                 text0        000000
__Ltext1                 text1        000000
__Ltext2                 text2        000000
__Ltext3                 text3        000000
__Ltext4                 text4        000000
__S0                     (abs)        0003DC
__S1                     (abs)        000013
__S4                     (abs)        000000
__S5                     (abs)        000000
___heap_hi               (abs)        000000
___heap_lo               (abs)        000000
___inthi_sp              stack        000000
___intlo_sp              stack        000000
___lbdiv                 text3        00033A
___lbdiv@counter         cstackCOMRAM 000007
___lbdiv@dividend        cstackCOMRAM 000006
___lbdiv@divisor         cstackCOMRAM 000005
___lbdiv@quotient        cstackCOMRAM 000008
___lbmod                 text2        0003A2
___lbmod@counter         cstackCOMRAM 000003
___lbmod@dividend        cstackCOMRAM 000002
___lbmod@divisor         cstackCOMRAM 000001
___lbmod@rem             cstackCOMRAM 000004
___lwdiv                 text1        0002E8
___lwdiv@counter         cstackCOMRAM 000007
___lwdiv@dividend        cstackCOMRAM 000001
___lwdiv@divisor         cstackCOMRAM 000003
___lwdiv@quotient        cstackCOMRAM 000005
___param_bank            (abs)        000000
___rparam_used           (abs)        000001
___sp                    stack        000000
__accesstop              (abs)        000060
__activetblptr           (abs)        000000
__end_of_ISR             intcode_body 0002E8
__end_of_Transmitir      text4        0003D8
__end_of___lbdiv         text3        000374
__end_of___lbmod         text2        0003CC
__end_of___lwdiv         text1        00033A
__end_of__initialization cinit        000398
__end_of_main            text0        000290
__initialization         cinit        000374
__mediumconst            mediumconst  000000
__pbssCOMRAM             bssCOMRAM    000010
__pcinit                 cinit        000374
__pcstackCOMRAM          cstackCOMRAM 000001
__pdataCOMRAM            dataCOMRAM   00000C
__pidataCOMRAM           idataCOMRAM  0003D8
__pintcode               intcode      000008
__pintcode_body          intcode_body 000290
__ptext0                 text0        000012
__ptext1                 text1        0002E8
__ptext2                 text2        0003A2
__ptext3                 text3        00033A
__ptext4                 text4        0003CC
__ramtop                 ramtop       000800
__smallconst             smallconst   000000
_a                       dataCOMRAM   00000E
_b                       dataCOMRAM   00000C
_bandera                 bssCOMRAM    000011
_bandera2                bssCOMRAM    000010
_main                    text0        000012
btemp                    temp         000012
end_of_initialization    cinit        000398
int$flags                temp         000012
int_func                 intcode_body 000290
intlevel0                text         000000
intlevel1                text         000000
intlevel2                text         000000
intlevel3                text         000000
isa$std                  (abs)        000001
isa$xinst                (abs)        000000
main@d                   cstackCOMRAM 00000B
stackhi                  (abs)        000000
stacklo                  (abs)        000000
start                    init         00000E
start_initialization     cinit        000374
ttemp5                   temp         000013
ttemp6                   temp         000016
ttemp7                   temp         00001A
wtemp8                   temp         000013


MODULE INFORMATION

Module		Function		Class		Link	Load	Size
C:\Program Files\Microchip\xc8\v2.41\pic\sources\c90\common\lwdiv.c
		___lwdiv       		CODE           	02E8	0000	82

C:\Program Files\Microchip\xc8\v2.41\pic\sources\c90\common\lwdiv.c estimated size: 82

C:\Program Files\Microchip\xc8\v2.41\pic\sources\c90\common\lbmod.c
		___lbmod       		CODE           	03A2	0000	42

C:\Program Files\Microchip\xc8\v2.41\pic\sources\c90\common\lbmod.c estimated size: 42

C:/Users/dsone/MPLABXProjects/Proyecto_Sensores.X/Proyecto_Sensores.c
		_ISR           		CODE           	0008	0000	94
		_main          		CODE           	0012	0000	638
		_Transmitir    		CODE           	03CC	0000	12

C:/Users/dsone/MPLABXProjects/Proyecto_Sensores.X/Proyecto_Sensores.c estimated size: 744

shared
		__initialization		CODE           	0374	0000	36

shared estimated size: 36

C:\Program Files\Microchip\xc8\v2.41\pic\sources\c90\common\lbdiv.c
		___lbdiv       		CODE           	033A	0000	58

C:\Program Files\Microchip\xc8\v2.41\pic\sources\c90\common\lbdiv.c estimated size: 58

