Analysis & Synthesis report for Proyecto_Digital
Wed Jun 28 12:09:37 2023
Quartus Prime Version 20.1.0 Build 711 06/05/2020 SJ Lite Edition


---------------------
; Table of Contents ;
---------------------
  1. Legal Notice
  2. Analysis & Synthesis Summary
  3. Analysis & Synthesis Settings
  4. Parallel Compilation
  5. Analysis & Synthesis Source Files Read
  6. Analysis & Synthesis Resource Usage Summary
  7. Analysis & Synthesis Resource Utilization by Entity
  8. State Machine - |principal|transmision:transmite|estado
  9. User-Specified and Inferred Latches
 10. Registers Removed During Synthesis
 11. General Register Statistics
 12. Inverted Register Statistics
 13. Multiplexer Restructuring Statistics (Restructuring Performed)
 14. Parameter Settings for User Entity Instance: Motor_PWM:comp3
 15. Port Connectivity Checks: "anti_rebote:antireb3"
 16. Port Connectivity Checks: "anti_rebote:antireb2"
 17. Port Connectivity Checks: "anti_rebote:antireb1"
 18. Port Connectivity Checks: "div_frec:div_anti"
 19. Post-Synthesis Netlist Statistics for Top Partition
 20. Elapsed Time Per Partition
 21. Analysis & Synthesis Messages



----------------
; Legal Notice ;
----------------
Copyright (C) 2020  Intel Corporation. All rights reserved.
Your use of Intel Corporation's design tools, logic functions 
and other software and tools, and any partner logic 
functions, and any output files from any of the foregoing 
(including device programming or simulation files), and any 
associated documentation or information are expressly subject 
to the terms and conditions of the Intel Program License 
Subscription Agreement, the Intel Quartus Prime License Agreement,
the Intel FPGA IP License Agreement, or other applicable license
agreement, including, without limitation, that your use is for
the sole purpose of programming logic devices manufactured by
Intel and sold by Intel or its authorized distributors.  Please
refer to the applicable agreement for further details, at
https://fpgasoftware.intel.com/eula.



+----------------------------------------------------------------------------------+
; Analysis & Synthesis Summary                                                     ;
+------------------------------------+---------------------------------------------+
; Analysis & Synthesis Status        ; Successful - Wed Jun 28 12:09:37 2023       ;
; Quartus Prime Version              ; 20.1.0 Build 711 06/05/2020 SJ Lite Edition ;
; Revision Name                      ; Proyecto_Digital                            ;
; Top-level Entity Name              ; principal                                   ;
; Family                             ; Cyclone IV E                                ;
; Total logic elements               ; 380                                         ;
;     Total combinational functions  ; 317                                         ;
;     Dedicated logic registers      ; 268                                         ;
; Total registers                    ; 268                                         ;
; Total pins                         ; 22                                          ;
; Total virtual pins                 ; 0                                           ;
; Total memory bits                  ; 0                                           ;
; Embedded Multiplier 9-bit elements ; 0                                           ;
; Total PLLs                         ; 0                                           ;
+------------------------------------+---------------------------------------------+


+------------------------------------------------------------------------------------------------------------+
; Analysis & Synthesis Settings                                                                              ;
+------------------------------------------------------------------+--------------------+--------------------+
; Option                                                           ; Setting            ; Default Value      ;
+------------------------------------------------------------------+--------------------+--------------------+
; Device                                                           ; EP4CE10E22C8       ;                    ;
; Top-level entity name                                            ; principal          ; Proyecto_Digital   ;
; Family name                                                      ; Cyclone IV E       ; Cyclone V          ;
; Use smart compilation                                            ; Off                ; Off                ;
; Enable parallel Assembler and Timing Analyzer during compilation ; On                 ; On                 ;
; Enable compact report table                                      ; Off                ; Off                ;
; Restructure Multiplexers                                         ; Auto               ; Auto               ;
; Create Debugging Nodes for IP Cores                              ; Off                ; Off                ;
; Preserve fewer node names                                        ; On                 ; On                 ;
; Intel FPGA IP Evaluation Mode                                    ; Enable             ; Enable             ;
; Verilog Version                                                  ; Verilog_2001       ; Verilog_2001       ;
; VHDL Version                                                     ; VHDL_1993          ; VHDL_1993          ;
; State Machine Processing                                         ; Auto               ; Auto               ;
; Safe State Machine                                               ; Off                ; Off                ;
; Extract Verilog State Machines                                   ; On                 ; On                 ;
; Extract VHDL State Machines                                      ; On                 ; On                 ;
; Ignore Verilog initial constructs                                ; Off                ; Off                ;
; Iteration limit for constant Verilog loops                       ; 5000               ; 5000               ;
; Iteration limit for non-constant Verilog loops                   ; 250                ; 250                ;
; Add Pass-Through Logic to Inferred RAMs                          ; On                 ; On                 ;
; Infer RAMs from Raw Logic                                        ; On                 ; On                 ;
; Parallel Synthesis                                               ; On                 ; On                 ;
; DSP Block Balancing                                              ; Auto               ; Auto               ;
; NOT Gate Push-Back                                               ; On                 ; On                 ;
; Power-Up Don't Care                                              ; On                 ; On                 ;
; Remove Redundant Logic Cells                                     ; Off                ; Off                ;
; Remove Duplicate Registers                                       ; On                 ; On                 ;
; Ignore CARRY Buffers                                             ; Off                ; Off                ;
; Ignore CASCADE Buffers                                           ; Off                ; Off                ;
; Ignore GLOBAL Buffers                                            ; Off                ; Off                ;
; Ignore ROW GLOBAL Buffers                                        ; Off                ; Off                ;
; Ignore LCELL Buffers                                             ; Off                ; Off                ;
; Ignore SOFT Buffers                                              ; On                 ; On                 ;
; Limit AHDL Integers to 32 Bits                                   ; Off                ; Off                ;
; Optimization Technique                                           ; Balanced           ; Balanced           ;
; Carry Chain Length                                               ; 70                 ; 70                 ;
; Auto Carry Chains                                                ; On                 ; On                 ;
; Auto Open-Drain Pins                                             ; On                 ; On                 ;
; Perform WYSIWYG Primitive Resynthesis                            ; Off                ; Off                ;
; Auto ROM Replacement                                             ; On                 ; On                 ;
; Auto RAM Replacement                                             ; On                 ; On                 ;
; Auto DSP Block Replacement                                       ; On                 ; On                 ;
; Auto Shift Register Replacement                                  ; Auto               ; Auto               ;
; Allow Shift Register Merging across Hierarchies                  ; Auto               ; Auto               ;
; Auto Clock Enable Replacement                                    ; On                 ; On                 ;
; Strict RAM Replacement                                           ; Off                ; Off                ;
; Allow Synchronous Control Signals                                ; On                 ; On                 ;
; Force Use of Synchronous Clear Signals                           ; Off                ; Off                ;
; Auto RAM Block Balancing                                         ; On                 ; On                 ;
; Auto RAM to Logic Cell Conversion                                ; Off                ; Off                ;
; Auto Resource Sharing                                            ; Off                ; Off                ;
; Allow Any RAM Size For Recognition                               ; Off                ; Off                ;
; Allow Any ROM Size For Recognition                               ; Off                ; Off                ;
; Allow Any Shift Register Size For Recognition                    ; Off                ; Off                ;
; Use LogicLock Constraints during Resource Balancing              ; On                 ; On                 ;
; Ignore translate_off and synthesis_off directives                ; Off                ; Off                ;
; Timing-Driven Synthesis                                          ; On                 ; On                 ;
; Report Parameter Settings                                        ; On                 ; On                 ;
; Report Source Assignments                                        ; On                 ; On                 ;
; Report Connectivity Checks                                       ; On                 ; On                 ;
; Ignore Maximum Fan-Out Assignments                               ; Off                ; Off                ;
; Synchronization Register Chain Length                            ; 2                  ; 2                  ;
; Power Optimization During Synthesis                              ; Normal compilation ; Normal compilation ;
; HDL message level                                                ; Level2             ; Level2             ;
; Suppress Register Optimization Related Messages                  ; Off                ; Off                ;
; Number of Removed Registers Reported in Synthesis Report         ; 5000               ; 5000               ;
; Number of Swept Nodes Reported in Synthesis Report               ; 5000               ; 5000               ;
; Number of Inverted Registers Reported in Synthesis Report        ; 100                ; 100                ;
; Clock MUX Protection                                             ; On                 ; On                 ;
; Auto Gated Clock Conversion                                      ; Off                ; Off                ;
; Block Design Naming                                              ; Auto               ; Auto               ;
; SDC constraint protection                                        ; Off                ; Off                ;
; Synthesis Effort                                                 ; Auto               ; Auto               ;
; Shift Register Replacement - Allow Asynchronous Clear Signal     ; On                 ; On                 ;
; Pre-Mapping Resynthesis Optimization                             ; Off                ; Off                ;
; Analysis & Synthesis Message Level                               ; Medium             ; Medium             ;
; Disable Register Merging Across Hierarchies                      ; Auto               ; Auto               ;
; Resource Aware Inference For Block RAM                           ; On                 ; On                 ;
+------------------------------------------------------------------+--------------------+--------------------+


+------------------------------------------+
; Parallel Compilation                     ;
+----------------------------+-------------+
; Processors                 ; Number      ;
+----------------------------+-------------+
; Number detected on machine ; 16          ;
; Maximum allowed            ; 16          ;
;                            ;             ;
; Average used               ; 1.00        ;
; Maximum used               ; 16          ;
;                            ;             ;
; Usage by Processor         ; % Time Used ;
;     Processor 1            ; 100.0%      ;
;     Processor 2            ;   0.0%      ;
;     Processors 3-16        ;   0.0%      ;
+----------------------------+-------------+


+----------------------------------------------------------------------------------------------------------------------------------------------------+
; Analysis & Synthesis Source Files Read                                                                                                             ;
+----------------------------------+-----------------+-----------------+-------------------------------------------------------------------+---------+
; File Name with User-Entered Path ; Used in Netlist ; File Type       ; File Name with Absolute Path                                      ; Library ;
+----------------------------------+-----------------+-----------------+-------------------------------------------------------------------+---------+
; Recepcion.vhd                    ; yes             ; User VHDL File  ; C:/intelFPGA_lite/20.1/projects/Proyecto_Digital1/Recepcion.vhd   ;         ;
; transmision.vhd                  ; yes             ; User VHDL File  ; C:/intelFPGA_lite/20.1/projects/Proyecto_Digital1/transmision.vhd ;         ;
; ingresado.vhd                    ; yes             ; User VHDL File  ; C:/intelFPGA_lite/20.1/projects/Proyecto_Digital1/ingresado.vhd   ;         ;
; Motor_PWM.vhd                    ; yes             ; User VHDL File  ; C:/intelFPGA_lite/20.1/projects/Proyecto_Digital1/Motor_PWM.vhd   ;         ;
; sistema.vhd                      ; yes             ; User VHDL File  ; C:/intelFPGA_lite/20.1/projects/Proyecto_Digital1/sistema.vhd     ;         ;
; principal.vhd                    ; yes             ; User VHDL File  ; C:/intelFPGA_lite/20.1/projects/Proyecto_Digital1/principal.vhd   ;         ;
; anti_rebote.vhd                  ; yes             ; User VHDL File  ; C:/intelFPGA_lite/20.1/projects/Proyecto_Digital1/anti_rebote.vhd ;         ;
; div_frec.vhd                     ; yes             ; User VHDL File  ; C:/intelFPGA_lite/20.1/projects/Proyecto_Digital1/div_frec.vhd    ;         ;
+----------------------------------+-----------------+-----------------+-------------------------------------------------------------------+---------+


+---------------------------------------------------------+
; Analysis & Synthesis Resource Usage Summary             ;
+---------------------------------------------+-----------+
; Resource                                    ; Usage     ;
+---------------------------------------------+-----------+
; Estimated Total logic elements              ; 380       ;
;                                             ;           ;
; Total combinational functions               ; 317       ;
; Logic element usage by number of LUT inputs ;           ;
;     -- 4 input functions                    ; 105       ;
;     -- 3 input functions                    ; 25        ;
;     -- <=2 input functions                  ; 187       ;
;                                             ;           ;
; Logic elements by mode                      ;           ;
;     -- normal mode                          ; 150       ;
;     -- arithmetic mode                      ; 167       ;
;                                             ;           ;
; Total registers                             ; 268       ;
;     -- Dedicated logic registers            ; 268       ;
;     -- I/O registers                        ; 0         ;
;                                             ;           ;
; I/O pins                                    ; 22        ;
;                                             ;           ;
; Embedded Multiplier 9-bit elements          ; 0         ;
;                                             ;           ;
; Maximum fan-out node                        ; clk~input ;
; Maximum fan-out                             ; 152       ;
; Total fan-out                               ; 1780      ;
; Average fan-out                             ; 2.83      ;
+---------------------------------------------+-----------+


+-----------------------------------------------------------------------------------------------------------------------------------------------------------------------------------------------------------------------+
; Analysis & Synthesis Resource Utilization by Entity                                                                                                                                                                   ;
+----------------------------+---------------------+---------------------------+-------------+--------------+---------+-----------+------+--------------+----------------------------------+-------------+--------------+
; Compilation Hierarchy Node ; Combinational ALUTs ; Dedicated Logic Registers ; Memory Bits ; DSP Elements ; DSP 9x9 ; DSP 18x18 ; Pins ; Virtual Pins ; Full Hierarchy Name              ; Entity Name ; Library Name ;
+----------------------------+---------------------+---------------------------+-------------+--------------+---------+-----------+------+--------------+----------------------------------+-------------+--------------+
; |principal                 ; 317 (0)             ; 268 (0)                   ; 0           ; 0            ; 0       ; 0         ; 22   ; 0            ; |principal                       ; principal   ; work         ;
;    |Motor_PWM:comp3|       ; 44 (44)             ; 19 (19)                   ; 0           ; 0            ; 0       ; 0         ; 0    ; 0            ; |principal|Motor_PWM:comp3       ; Motor_PWM   ; work         ;
;    |ingresado:componente|  ; 0 (0)               ; 24 (24)                   ; 0           ; 0            ; 0       ; 0         ; 0    ; 0            ; |principal|ingresado:componente  ; ingresado   ; work         ;
;    |recepcion:uart_rx|     ; 88 (88)             ; 83 (83)                   ; 0           ; 0            ; 0       ; 0         ; 0    ; 0            ; |principal|recepcion:uart_rx     ; recepcion   ; work         ;
;    |sistema:comp2|         ; 115 (115)           ; 92 (92)                   ; 0           ; 0            ; 0       ; 0         ; 0    ; 0            ; |principal|sistema:comp2         ; sistema     ; work         ;
;    |transmision:transmite| ; 70 (70)             ; 50 (50)                   ; 0           ; 0            ; 0       ; 0         ; 0    ; 0            ; |principal|transmision:transmite ; transmision ; work         ;
+----------------------------+---------------------+---------------------------+-------------+--------------+---------+-----------+------+--------------+----------------------------------+-------------+--------------+
Note: For table entries with two numbers listed, the numbers in parentheses indicate the number of resources of the given type used by the specific entity alone. The numbers listed outside of parentheses indicate the total resources of the given type used by the specific entity and all of its sub-entities in the hierarchy.


Encoding Type:  One-Hot
+-----------------------------------------------------------------------------+
; State Machine - |principal|transmision:transmite|estado                     ;
+--------------------+------------------+--------------------+----------------+
; Name               ; estado.verificar ; estado.transmision ; estado.inicial ;
+--------------------+------------------+--------------------+----------------+
; estado.inicial     ; 0                ; 0                  ; 0              ;
; estado.transmision ; 0                ; 1                  ; 1              ;
; estado.verificar   ; 1                ; 0                  ; 1              ;
+--------------------+------------------+--------------------+----------------+


+----------------------------------------------------------------------------------------------------+
; User-Specified and Inferred Latches                                                                ;
+----------------------------------------------------+----------------------+------------------------+
; Latch Name                                         ; Latch Enable Signal  ; Free of Timing Hazards ;
+----------------------------------------------------+----------------------+------------------------+
; Motor_PWM:comp3|PWM1                               ; Motor_PWM:comp3|PWM1 ; yes                    ;
; Number of user-specified and inferred latches = 1  ;                      ;                        ;
+----------------------------------------------------+----------------------+------------------------+
Note: All latches listed above may not be present at the end of synthesis due to various synthesis optimizations.


+---------------------------------------------------------------------------------+
; Registers Removed During Synthesis                                              ;
+----------------------------------------+----------------------------------------+
; Register name                          ; Reason for Removal                     ;
+----------------------------------------+----------------------------------------+
; transmision:transmite|palabra_tx[0]    ; Stuck at GND due to stuck port data_in ;
; transmision:transmite|palabra_tx[9]    ; Stuck at VCC due to stuck port data_in ;
; transmision:transmite|palabra_tx[8]    ; Stuck at GND due to stuck port data_in ;
; transmision:transmite|palabra_tx[7]    ; Stuck at VCC due to stuck port data_in ;
; transmision:transmite|palabra_tx[6]    ; Stuck at GND due to stuck port data_in ;
; transmision:transmite|palabra_tx[5]    ; Stuck at VCC due to stuck port data_in ;
; transmision:transmite|palabra_tx[1..4] ; Stuck at GND due to stuck port data_in ;
; Total Number of Removed Registers = 10 ;                                        ;
+----------------------------------------+----------------------------------------+


+------------------------------------------------------+
; General Register Statistics                          ;
+----------------------------------------------+-------+
; Statistic                                    ; Value ;
+----------------------------------------------+-------+
; Total registers                              ; 268   ;
; Number of registers using Synchronous Clear  ; 131   ;
; Number of registers using Synchronous Load   ; 0     ;
; Number of registers using Asynchronous Clear ; 90    ;
; Number of registers using Asynchronous Load  ; 0     ;
; Number of registers using Clock Enable       ; 134   ;
; Number of registers using Preset             ; 0     ;
+----------------------------------------------+-------+


+---------------------------------------------------+
; Inverted Register Statistics                      ;
+-----------------------------------------+---------+
; Inverted Register                       ; Fan out ;
+-----------------------------------------+---------+
; recepcion:uart_rx|palabra[0]            ; 1       ;
; recepcion:uart_rx|palabra[1]            ; 1       ;
; recepcion:uart_rx|palabra[2]            ; 1       ;
; recepcion:uart_rx|palabra[3]            ; 1       ;
; recepcion:uart_rx|palabra[4]            ; 1       ;
; recepcion:uart_rx|palabra[5]            ; 1       ;
; recepcion:uart_rx|palabra[6]            ; 1       ;
; recepcion:uart_rx|palabra[7]            ; 1       ;
; sistema:comp2|contrasenia[0]            ; 1       ;
; sistema:comp2|contrasenia[4]            ; 1       ;
; sistema:comp2|contrasenia[5]            ; 1       ;
; sistema:comp2|contrasenia[8]            ; 1       ;
; sistema:comp2|contrasenia[12]           ; 1       ;
; sistema:comp2|contrasenia[13]           ; 1       ;
; sistema:comp2|contrasenia[16]           ; 1       ;
; sistema:comp2|contrasenia[20]           ; 1       ;
; sistema:comp2|contrasenia[21]           ; 1       ;
; Motor_PWM:comp3|PWM_Count[0]            ; 4       ;
; Total number of inverted registers = 18 ;         ;
+-----------------------------------------+---------+


+------------------------------------------------------------------------------------------------------------------------------------------------------------------+
; Multiplexer Restructuring Statistics (Restructuring Performed)                                                                                                   ;
+--------------------+-----------+---------------+----------------------+------------------------+------------+----------------------------------------------------+
; Multiplexer Inputs ; Bus Width ; Baseline Area ; Area if Restructured ; Saving if Restructured ; Registered ; Example Multiplexer Output                         ;
+--------------------+-----------+---------------+----------------------+------------------------+------------+----------------------------------------------------+
; 3:1                ; 4 bits    ; 8 LEs         ; 4 LEs                ; 4 LEs                  ; Yes        ; |principal|recepcion:uart_rx|contador_bits[0]      ;
; 3:1                ; 13 bits   ; 26 LEs        ; 13 LEs               ; 13 LEs                 ; Yes        ; |principal|transmision:transmite|cuenta_baudios[8] ;
; 3:1                ; 32 bits   ; 64 LEs        ; 32 LEs               ; 32 LEs                 ; Yes        ; |principal|sistema:comp2|cuenta1[2]                ;
; 4:1                ; 32 bits   ; 64 LEs        ; 32 LEs               ; 32 LEs                 ; Yes        ; |principal|transmision:transmite|contador_bit[23]  ;
; 6:1                ; 4 bits    ; 16 LEs        ; 4 LEs                ; 12 LEs                 ; Yes        ; |principal|recepcion:uart_rx|contador_ticks[3]     ;
+--------------------+-----------+---------------+----------------------+------------------------+------------+----------------------------------------------------+


+--------------------------------------------------------------+
; Parameter Settings for User Entity Instance: Motor_PWM:comp3 ;
+----------------+--------+------------------------------------+
; Parameter Name ; Value  ; Type                               ;
+----------------+--------+------------------------------------+
; Max            ; 500000 ; Signed Integer                     ;
+----------------+--------+------------------------------------+
Note: In order to hide this table in the UI and the text report file, please set the "Show Parameter Settings in Synthesis Report" option in "Analysis and Synthesis Settings -> More Settings" to "Off".


+------------------------------------------------------------------------------------------------------------------+
; Port Connectivity Checks: "anti_rebote:antireb3"                                                                 ;
+--------+--------+----------+-------------------------------------------------------------------------------------+
; Port   ; Type   ; Severity ; Details                                                                             ;
+--------+--------+----------+-------------------------------------------------------------------------------------+
; cambio ; Output ; Info     ; Connected to dangling logic. Logic that only feeds a dangling port will be removed. ;
+--------+--------+----------+-------------------------------------------------------------------------------------+


+------------------------------------------------------------------------------------------------------------------+
; Port Connectivity Checks: "anti_rebote:antireb2"                                                                 ;
+--------+--------+----------+-------------------------------------------------------------------------------------+
; Port   ; Type   ; Severity ; Details                                                                             ;
+--------+--------+----------+-------------------------------------------------------------------------------------+
; cambio ; Output ; Info     ; Connected to dangling logic. Logic that only feeds a dangling port will be removed. ;
+--------+--------+----------+-------------------------------------------------------------------------------------+


+------------------------------------------------------------------------------------------------------------------+
; Port Connectivity Checks: "anti_rebote:antireb1"                                                                 ;
+--------+--------+----------+-------------------------------------------------------------------------------------+
; Port   ; Type   ; Severity ; Details                                                                             ;
+--------+--------+----------+-------------------------------------------------------------------------------------+
; cambio ; Output ; Info     ; Connected to dangling logic. Logic that only feeds a dangling port will be removed. ;
+--------+--------+----------+-------------------------------------------------------------------------------------+


+--------------------------------------------------+
; Port Connectivity Checks: "div_frec:div_anti"    ;
+----------------+-------+----------+--------------+
; Port           ; Type  ; Severity ; Details      ;
+----------------+-------+----------+--------------+
; nciclos[6..5]  ; Input ; Info     ; Stuck at VCC ;
; nciclos[31..7] ; Input ; Info     ; Stuck at GND ;
; nciclos[4..3]  ; Input ; Info     ; Stuck at GND ;
; nciclos[1..0]  ; Input ; Info     ; Stuck at GND ;
; nciclos[2]     ; Input ; Info     ; Stuck at VCC ;
+----------------+-------+----------+--------------+


+-----------------------------------------------------+
; Post-Synthesis Netlist Statistics for Top Partition ;
+-----------------------+-----------------------------+
; Type                  ; Count                       ;
+-----------------------+-----------------------------+
; boundary_port         ; 22                          ;
; cycloneiii_ff         ; 268                         ;
;     CLR               ; 12                          ;
;     CLR SCLR          ; 35                          ;
;     ENA               ; 59                          ;
;     ENA CLR           ; 11                          ;
;     ENA CLR SCLR      ; 32                          ;
;     ENA SCLR          ; 32                          ;
;     SCLR              ; 32                          ;
;     plain             ; 55                          ;
; cycloneiii_lcell_comb ; 329                         ;
;     arith             ; 167                         ;
;         2 data inputs ; 158                         ;
;         3 data inputs ; 9                           ;
;     normal            ; 162                         ;
;         1 data inputs ; 28                          ;
;         2 data inputs ; 13                          ;
;         3 data inputs ; 16                          ;
;         4 data inputs ; 105                         ;
;                       ;                             ;
; Max LUT depth         ; 6.30                        ;
; Average LUT depth     ; 3.47                        ;
+-----------------------+-----------------------------+


+-------------------------------+
; Elapsed Time Per Partition    ;
+----------------+--------------+
; Partition Name ; Elapsed Time ;
+----------------+--------------+
; Top            ; 00:00:00     ;
+----------------+--------------+


+-------------------------------+
; Analysis & Synthesis Messages ;
+-------------------------------+
Info: *******************************************************************
Info: Running Quartus Prime Analysis & Synthesis
    Info: Version 20.1.0 Build 711 06/05/2020 SJ Lite Edition
    Info: Processing started: Wed Jun 28 12:09:30 2023
Info: Command: quartus_map --read_settings_files=on --write_settings_files=off Proyecto_Digital -c Proyecto_Digital
Warning (18236): Number of processors has not been specified which may cause overloading on shared machines.  Set the global assignment NUM_PARALLEL_PROCESSORS in your QSF to an appropriate value for best performance.
Info (20030): Parallel compilation is enabled and will use 16 of the 16 processors detected
Info (12021): Found 2 design units, including 1 entities, in source file recepcion.vhd
    Info (12022): Found design unit 1: recepcion-comportamiento File: C:/intelFPGA_lite/20.1/projects/Proyecto_Digital1/Recepcion.vhd Line: 18
    Info (12023): Found entity 1: recepcion File: C:/intelFPGA_lite/20.1/projects/Proyecto_Digital1/Recepcion.vhd Line: 7
Info (12021): Found 2 design units, including 1 entities, in source file transmision.vhd
    Info (12022): Found design unit 1: transmision-funcionamiento File: C:/intelFPGA_lite/20.1/projects/Proyecto_Digital1/transmision.vhd Line: 17
    Info (12023): Found entity 1: transmision File: C:/intelFPGA_lite/20.1/projects/Proyecto_Digital1/transmision.vhd Line: 7
Info (12021): Found 2 design units, including 1 entities, in source file ingresado.vhd
    Info (12022): Found design unit 1: ingresado-funcionamiento File: C:/intelFPGA_lite/20.1/projects/Proyecto_Digital1/ingresado.vhd Line: 15
    Info (12023): Found entity 1: ingresado File: C:/intelFPGA_lite/20.1/projects/Proyecto_Digital1/ingresado.vhd Line: 7
Info (12021): Found 2 design units, including 1 entities, in source file motor_pwm.vhd
    Info (12022): Found design unit 1: Motor_PWM-comportamiento File: C:/intelFPGA_lite/20.1/projects/Proyecto_Digital1/Motor_PWM.vhd Line: 28
    Info (12023): Found entity 1: Motor_PWM File: C:/intelFPGA_lite/20.1/projects/Proyecto_Digital1/Motor_PWM.vhd Line: 7
Info (12021): Found 2 design units, including 1 entities, in source file sistema.vhd
    Info (12022): Found design unit 1: sistema-funcionamiento File: C:/intelFPGA_lite/20.1/projects/Proyecto_Digital1/sistema.vhd Line: 16
    Info (12023): Found entity 1: sistema File: C:/intelFPGA_lite/20.1/projects/Proyecto_Digital1/sistema.vhd Line: 7
Info (12021): Found 2 design units, including 1 entities, in source file motor3_pwm.vhd
    Info (12022): Found design unit 1: Motor3_PWM-comportamiento File: C:/intelFPGA_lite/20.1/projects/Proyecto_Digital1/Motor3_PWM.vhd Line: 28
    Info (12023): Found entity 1: Motor3_PWM File: C:/intelFPGA_lite/20.1/projects/Proyecto_Digital1/Motor3_PWM.vhd Line: 7
Info (12021): Found 2 design units, including 1 entities, in source file motor2_pwm.vhd
    Info (12022): Found design unit 1: Motor2_PWM-comportamiento File: C:/intelFPGA_lite/20.1/projects/Proyecto_Digital1/Motor2_PWM.vhd Line: 28
    Info (12023): Found entity 1: Motor2_PWM File: C:/intelFPGA_lite/20.1/projects/Proyecto_Digital1/Motor2_PWM.vhd Line: 7
Info (12021): Found 2 design units, including 1 entities, in source file principal.vhd
    Info (12022): Found design unit 1: principal-comportamiento File: C:/intelFPGA_lite/20.1/projects/Proyecto_Digital1/principal.vhd Line: 31
    Info (12023): Found entity 1: principal File: C:/intelFPGA_lite/20.1/projects/Proyecto_Digital1/principal.vhd Line: 7
Info (12021): Found 2 design units, including 1 entities, in source file anti_rebote.vhd
    Info (12022): Found design unit 1: anti_rebote-registro File: C:/intelFPGA_lite/20.1/projects/Proyecto_Digital1/anti_rebote.vhd Line: 18
    Info (12023): Found entity 1: anti_rebote File: C:/intelFPGA_lite/20.1/projects/Proyecto_Digital1/anti_rebote.vhd Line: 11
Info (12021): Found 2 design units, including 1 entities, in source file div_frec.vhd
    Info (12022): Found design unit 1: div_frec-divisor File: C:/intelFPGA_lite/20.1/projects/Proyecto_Digital1/div_frec.vhd Line: 23
    Info (12023): Found entity 1: div_frec File: C:/intelFPGA_lite/20.1/projects/Proyecto_Digital1/div_frec.vhd Line: 10
Info (12127): Elaborating entity "principal" for the top level hierarchy
Warning (10036): Verilog HDL or VHDL warning at principal.vhd(41): object "cambiar_contra" assigned a value but never read File: C:/intelFPGA_lite/20.1/projects/Proyecto_Digital1/principal.vhd Line: 41
Warning (10036): Verilog HDL or VHDL warning at principal.vhd(41): object "comprobar_contra" assigned a value but never read File: C:/intelFPGA_lite/20.1/projects/Proyecto_Digital1/principal.vhd Line: 41
Warning (10036): Verilog HDL or VHDL warning at principal.vhd(44): object "Rst_n_aux" assigned a value but never read File: C:/intelFPGA_lite/20.1/projects/Proyecto_Digital1/principal.vhd Line: 44
Info (12128): Elaborating entity "transmision" for hierarchy "transmision:transmite" File: C:/intelFPGA_lite/20.1/projects/Proyecto_Digital1/principal.vhd Line: 111
Warning (10492): VHDL Process Statement warning at transmision.vhd(50): signal "Rst_n" is read inside the Process Statement but isn't in the Process Statement's sensitivity list File: C:/intelFPGA_lite/20.1/projects/Proyecto_Digital1/transmision.vhd Line: 50
Info (12128): Elaborating entity "div_frec" for hierarchy "div_frec:div_anti" File: C:/intelFPGA_lite/20.1/projects/Proyecto_Digital1/principal.vhd Line: 118
Info (12128): Elaborating entity "anti_rebote" for hierarchy "anti_rebote:antireb1" File: C:/intelFPGA_lite/20.1/projects/Proyecto_Digital1/principal.vhd Line: 123
Info (12128): Elaborating entity "ingresado" for hierarchy "ingresado:componente" File: C:/intelFPGA_lite/20.1/projects/Proyecto_Digital1/principal.vhd Line: 138
Info (12128): Elaborating entity "sistema" for hierarchy "sistema:comp2" File: C:/intelFPGA_lite/20.1/projects/Proyecto_Digital1/principal.vhd Line: 145
Info (12128): Elaborating entity "Motor_PWM" for hierarchy "Motor_PWM:comp3" File: C:/intelFPGA_lite/20.1/projects/Proyecto_Digital1/principal.vhd Line: 152
Warning (10492): VHDL Process Statement warning at Motor_PWM.vhd(47): signal "estado_activo" is read inside the Process Statement but isn't in the Process Statement's sensitivity list File: C:/intelFPGA_lite/20.1/projects/Proyecto_Digital1/Motor_PWM.vhd Line: 47
Warning (10492): VHDL Process Statement warning at Motor_PWM.vhd(51): signal "pir_1" is read inside the Process Statement but isn't in the Process Statement's sensitivity list File: C:/intelFPGA_lite/20.1/projects/Proyecto_Digital1/Motor_PWM.vhd Line: 51
Warning (10492): VHDL Process Statement warning at Motor_PWM.vhd(60): signal "pir_2" is read inside the Process Statement but isn't in the Process Statement's sensitivity list File: C:/intelFPGA_lite/20.1/projects/Proyecto_Digital1/Motor_PWM.vhd Line: 60
Warning (10492): VHDL Process Statement warning at Motor_PWM.vhd(68): signal "selector" is read inside the Process Statement but isn't in the Process Statement's sensitivity list File: C:/intelFPGA_lite/20.1/projects/Proyecto_Digital1/Motor_PWM.vhd Line: 68
Warning (10631): VHDL Process Statement warning at Motor_PWM.vhd(36): inferring latch(es) for signal or variable "PWM1", which holds its previous value in one or more paths through the process File: C:/intelFPGA_lite/20.1/projects/Proyecto_Digital1/Motor_PWM.vhd Line: 36
Warning (10492): VHDL Process Statement warning at Motor_PWM.vhd(81): signal "estado_activo" is read inside the Process Statement but isn't in the Process Statement's sensitivity list File: C:/intelFPGA_lite/20.1/projects/Proyecto_Digital1/Motor_PWM.vhd Line: 81
Info (10041): Inferred latch for "PWM1" at Motor_PWM.vhd(36) File: C:/intelFPGA_lite/20.1/projects/Proyecto_Digital1/Motor_PWM.vhd Line: 36
Info (12128): Elaborating entity "recepcion" for hierarchy "recepcion:uart_rx" File: C:/intelFPGA_lite/20.1/projects/Proyecto_Digital1/principal.vhd Line: 161
Warning (10036): Verilog HDL or VHDL warning at Recepcion.vhd(23): object "pulso_baudios" assigned a value but never read File: C:/intelFPGA_lite/20.1/projects/Proyecto_Digital1/Recepcion.vhd Line: 23
Warning (10492): VHDL Process Statement warning at Recepcion.vhd(66): signal "Rst_n" is read inside the Process Statement but isn't in the Process Statement's sensitivity list File: C:/intelFPGA_lite/20.1/projects/Proyecto_Digital1/Recepcion.vhd Line: 66
Warning (13012): Latch Motor_PWM:comp3|PWM1 has unsafe behavior File: C:/intelFPGA_lite/20.1/projects/Proyecto_Digital1/Motor_PWM.vhd Line: 18
    Warning (13013): Ports D and ENA on the latch are fed by the same signal selector File: C:/intelFPGA_lite/20.1/projects/Proyecto_Digital1/principal.vhd Line: 24
Info (13000): Registers with preset signals will power-up high File: C:/intelFPGA_lite/20.1/projects/Proyecto_Digital1/Recepcion.vhd Line: 66
Info (13003): DEV_CLRn pin will set, and not reset, register with preset signal due to NOT Gate Push-Back
Info (286030): Timing-Driven Synthesis is running
Info (16010): Generating hard_block partition "hard_block:auto_generated_inst"
    Info (16011): Adding 0 node(s), including 0 DDIO, 0 PLL, 0 transceiver and 0 LCELL
Info (21057): Implemented 430 device resources after synthesis - the final resource count might be different
    Info (21058): Implemented 8 input pins
    Info (21059): Implemented 14 output pins
    Info (21061): Implemented 408 logic cells
Info: Quartus Prime Analysis & Synthesis was successful. 0 errors, 15 warnings
    Info: Peak virtual memory: 4855 megabytes
    Info: Processing ended: Wed Jun 28 12:09:37 2023
    Info: Elapsed time: 00:00:07
    Info: Total CPU time (on all processors): 00:00:10


